
> multi-dealer-laptop-scraper@1.0.0 start
> node multi_dealer_scraper.js

🔗 COMBINE MODE — gộp kết quả từ các job scrape song song, ghi Sheet 1 lần duy nhất
📂 Đọc artifact từ: scrape-artifacts
   📄 scrape-artifacts/scrape-cps-output/products-CPS.json: 707 SP
   📄 scrape-artifacts/scrape-fpt-output/products-FPT.json: 373 SP
   📄 scrape-artifacts/scrape-mbw-output/products-MBW.json: 457 SP

📊 Tổng hợp từ 3 file:
   MBW: 457 SP
   FPT Retail: 373 SP
   CellPhone S: 707 SP
   TỔNG: 1537 SP

📝 Ghi Sheets...
✅ Health check: số lượng SP mỗi dealer bình thường (MBW, FPT Retail, CellPhone S)
   📤 Đã ghi lô 1: dòng 2–5001 (5000 dòng)
   📤 Đã ghi lô 2: dòng 5002–10001 (5000 dòng)
   📤 Đã ghi lô 3: dòng 10002–15001 (5000 dòng)
   📤 Đã ghi lô 4: dòng 15002–20001 (5000 dòng)
   📤 Đã ghi lô 5: dòng 20002–25001 (5000 dòng)
   📤 Đã ghi lô 6: dòng 25002–30001 (5000 dòng)
   📤 Đã ghi lô 7: dòng 30002–35001 (5000 dòng)
   📤 Đã ghi lô 8: dòng 35002–35588 (587 dòng)
🔎 Đang tra cứu Part # để enrich cột T→AE...
   📋 Đã đọc 3503 Product Name từ "Part #" (tra theo tên cột, không theo vị trí cố định)
   📋 Đã đọc 120 từ khoá Segment từ tab "Segment" (tra theo tên cột)
✅ Enrich xong: 34217/35587 dòng khớp được với Part # (theo Model Name)
   ⚠ [update AG1 mapping version] lỗi lần 1/3 (code 400): Range ('Daily SRP Tracking'!AG1) exceeds grid limits. Max rows: 68267, max columns: 31
   ⏳ Chờ 2s rồi thử lại...
   ⚠ [update AG1 mapping version] lỗi lần 2/3 (code 400): Range ('Daily SRP Tracking'!AG1) exceeds grid limits. Max rows: 68267, max columns: 31
   ⏳ Chờ 4s rồi thử lại...
   ⚠ [update AG1 mapping version] lỗi lần 3/3 (code 400): Range ('Daily SRP Tracking'!AG1) exceeds grid limits. Max rows: 68267, max columns: 31
💥 Fatal (combine mode): Error: Range ('Daily SRP Tracking'!AG1) exceeds grid limits. Max rows: 68267, max columns: 31
    at Gaxios._request (/home/runner/work/MBW-Scrape-number/MBW-Scrape-number/node_modules/gaxios/build/src/gaxios.js:142:23)
    at process.processTicksAndRejections (node:internal/process/task_queues:95:5)
    at async JWT.requestAsync (/home/runner/work/MBW-Scrape-number/MBW-Scrape-number/node_modules/google-auth-library/build/src/auth/oauth2client.js:429:18)
    at async withRetry (/home/runner/work/MBW-Scrape-number/MBW-Scrape-number/multi_dealer_scraper.js:1354:14)
    at async writeToSheet (/home/runner/work/MBW-Scrape-number/MBW-Scrape-number/multi_dealer_scraper.js:1708:3)
    at async runCombineMode (/home/runner/work/MBW-Scrape-number/MBW-Scrape-number/multi_dealer_scraper.js:2024:3)
   API response data: {"error":{"code":400,"message":"Range ('Daily SRP Tracking'!AG1) exceeds grid limits. Max rows: 68267, max columns: 31","errors":[{"message":"Range ('Daily SRP Tracking'!AG1) exceeds grid limits. Max rows: 68267, max columns: 31","domain":"global","reason":"badRequest"}],"status":"INVALID_ARGUMENT"}}
