
> multi-dealer-laptop-scraper@1.0.0 start
> node multi_dealer_scraper.js

🚀 Multi-Dealer Scraper v3.5.0
📅 12:05:00 5/8/2026
⏱ Deadline fetch specs: 75 phút
📋 Spec cache: 2191 SP (FPT: từ cache, CPS: từ cache)

═══ MBW ═══
  [MBW] Trang tổng /laptop
    → Clicked "Xem thêm": 25 lần
    → Tổng items trên trang: 478 (products: 459)
    💥 MBW lỗi: card is not defined
pptr:evaluate;scrapeMBW%20(%2Fhome%2Frunner%2Fwork%2FMBW-Scrape-number%2FMBW-Scr

═══ FPT Retail ═══ (skip — không trong SCRAPE_DEALERS)

═══ CellPhone S ═══ (skip — không trong SCRAPE_DEALERS)

📊 Kết quả:
   MBW: 0 SP
   FPT Retail: 0 SP
   CellPhone S: 0 SP
   TỔNG: 0 SP
   Thời gian đã dùng: 2 phút

💾 Đã lưu 0 SP ra scrape-output/products-MBW.json (WRITE_MODE=file — chưa ghi Sheet, chờ job combine)

✅ Xong trong 2p20s
